items:
- mesh: default
  name: web-to-backend
  type: TrafficRoute
- mesh: default
  name: backend-to-db
  type: TrafficRoute
next: null
