mtls:
  backends:
  - name: builtin-1
    type: builtin
  enabledBackend: builtin-1
name: demo
type: Mesh
